2026-01-31 13:43:42,011 [PID 15828] DEBUG Using selector: EpollSelector
2026-01-31 13:43:42,012 [PID 15828] INFO Reading Pyre server configurations...
2026-01-31 13:43:42,012 [PID 15828] DEBUG Could not find `.pyre_configuration` in the project root.Searching for `pyproject.toml`...
2026-01-31 13:43:42,017 [PID 15828] ERROR Uncaught error in persistent.run
Traceback (most recent call last):
  File "/home/dylan/.local/share/nvim/mason/packages/pyre/venv/lib64/python3.13/site-packages/pyre_check/client/commands/persistent.py", line 299, in run
    return asyncio.get_event_loop().run_until_complete(
           ~~~~~~~~~~~~~~~~~~~~~~~~~~~~~~~~~~~~~~~~~~~^
        run_persistent(
        ^^^^^^^^^^^^^^^
    ...<2 lines>...
        )
        ^
    )
    ^
  File "/usr/lib64/python3.13/asyncio/base_events.py", line 725, in run_until_complete
    return future.result()
           ~~~~~~~~~~~~~^^
  File "/home/dylan/.local/share/nvim/mason/packages/pyre/venv/lib64/python3.13/site-packages/pyre_check/client/commands/persistent.py", line 224, in run_persistent
    initial_server_options = pyre_server_options.read_server_options(
        server_options_reader, remote_logging
    )
  File "/home/dylan/.local/share/nvim/mason/packages/pyre/venv/lib64/python3.13/site-packages/pyre_check/client/commands/pyre_server_options.py", line 129, in read_server_options
    return server_options_reader()
  File "/home/dylan/.local/share/nvim/mason/packages/pyre/venv/lib64/python3.13/site-packages/pyre_check/client/commands/pyre_server_options.py", line 114, in read
    return PyreServerOptions.create(
           ~~~~~~~~~~~~~~~~~~~~~~~~^
        start_command_argument=start_command_argument,
        ^^^^^^^^^^^^^^^^^^^^^^^^^^^^^^^^^^^^^^^^^^^^^^
        configuration=read_frontend_configuration(),
        ^^^^^^^^^^^^^^^^^^^^^^^^^^^^^^^^^^^^^^^^^^^^
        language_server_features=language_server_features,
        ^^^^^^^^^^^^^^^^^^^^^^^^^^^^^^^^^^^^^^^^^^^^^^^^^^
    )
    ^
  File "/home/dylan/.local/share/nvim/mason/packages/pyre/venv/lib64/python3.13/site-packages/pyre_check/client/commands/pyre_server_options.py", line 93, in create
    start_arguments = start.create_server_arguments(
        configuration,
        start_command_argument,
        False,  # kill_buck_after_build
    )
  File "/home/dylan/.local/share/nvim/mason/packages/pyre/venv/lib64/python3.13/site-packages/pyre_check/client/commands/start.py", line 311, in create_server_arguments
    source_paths = backend_arguments.get_source_path_for_server(
        configuration,
    ...<3 lines>...
        watchman_root,
    )
  File "/home/dylan/.local/share/nvim/mason/packages/pyre/venv/lib64/python3.13/site-packages/pyre_check/client/backend_arguments.py", line 418, in get_source_path_for_server
    return get_source_path(
        configuration,
    ...<4 lines>...
        watchman_root,
    )
  File "/home/dylan/.local/share/nvim/mason/packages/pyre/venv/lib64/python3.13/site-packages/pyre_check/client/backend_arguments.py", line 397, in get_source_path
    raise configuration_module.InvalidConfiguration(
    ...<2 lines>...
    )
pyre_check.client.configuration.exceptions.InvalidConfiguration: Invalid configuration: Cannot find any source files to analyze. Either `source_directories` or `targets` must be specified.
2026-01-31 13:46:58,003 [PID 16551] DEBUG Using selector: EpollSelector
2026-01-31 13:46:58,004 [PID 16551] INFO Reading Pyre server configurations...
2026-01-31 13:46:58,004 [PID 16551] DEBUG Could not find `.pyre_configuration` in the project root.Searching for `pyproject.toml`...
2026-01-31 13:46:58,008 [PID 16551] ERROR Uncaught error in persistent.run
Traceback (most recent call last):
  File "/home/dylan/.local/share/nvim/mason/packages/pyre/venv/lib64/python3.13/site-packages/pyre_check/client/commands/persistent.py", line 299, in run
    return asyncio.get_event_loop().run_until_complete(
           ~~~~~~~~~~~~~~~~~~~~~~~~~~~~~~~~~~~~~~~~~~~^
        run_persistent(
        ^^^^^^^^^^^^^^^
    ...<2 lines>...
        )
        ^
    )
    ^
  File "/usr/lib64/python3.13/asyncio/base_events.py", line 725, in run_until_complete
    return future.result()
           ~~~~~~~~~~~~~^^
  File "/home/dylan/.local/share/nvim/mason/packages/pyre/venv/lib64/python3.13/site-packages/pyre_check/client/commands/persistent.py", line 224, in run_persistent
    initial_server_options = pyre_server_options.read_server_options(
        server_options_reader, remote_logging
    )
  File "/home/dylan/.local/share/nvim/mason/packages/pyre/venv/lib64/python3.13/site-packages/pyre_check/client/commands/pyre_server_options.py", line 129, in read_server_options
    return server_options_reader()
  File "/home/dylan/.local/share/nvim/mason/packages/pyre/venv/lib64/python3.13/site-packages/pyre_check/client/commands/pyre_server_options.py", line 114, in read
    return PyreServerOptions.create(
           ~~~~~~~~~~~~~~~~~~~~~~~~^
        start_command_argument=start_command_argument,
        ^^^^^^^^^^^^^^^^^^^^^^^^^^^^^^^^^^^^^^^^^^^^^^
        configuration=read_frontend_configuration(),
        ^^^^^^^^^^^^^^^^^^^^^^^^^^^^^^^^^^^^^^^^^^^^
        language_server_features=language_server_features,
        ^^^^^^^^^^^^^^^^^^^^^^^^^^^^^^^^^^^^^^^^^^^^^^^^^^
    )
    ^
  File "/home/dylan/.local/share/nvim/mason/packages/pyre/venv/lib64/python3.13/site-packages/pyre_check/client/commands/pyre_server_options.py", line 93, in create
    start_arguments = start.create_server_arguments(
        configuration,
        start_command_argument,
        False,  # kill_buck_after_build
    )
  File "/home/dylan/.local/share/nvim/mason/packages/pyre/venv/lib64/python3.13/site-packages/pyre_check/client/commands/start.py", line 311, in create_server_arguments
    source_paths = backend_arguments.get_source_path_for_server(
        configuration,
    ...<3 lines>...
        watchman_root,
    )
  File "/home/dylan/.local/share/nvim/mason/packages/pyre/venv/lib64/python3.13/site-packages/pyre_check/client/backend_arguments.py", line 418, in get_source_path_for_server
    return get_source_path(
        configuration,
    ...<4 lines>...
        watchman_root,
    )
  File "/home/dylan/.local/share/nvim/mason/packages/pyre/venv/lib64/python3.13/site-packages/pyre_check/client/backend_arguments.py", line 397, in get_source_path
    raise configuration_module.InvalidConfiguration(
    ...<2 lines>...
    )
pyre_check.client.configuration.exceptions.InvalidConfiguration: Invalid configuration: Cannot find any source files to analyze. Either `source_directories` or `targets` must be specified.
2026-01-31 13:51:14,929 [PID 17780] DEBUG Using selector: EpollSelector
2026-01-31 13:51:14,930 [PID 17780] INFO Reading Pyre server configurations...
2026-01-31 13:51:14,930 [PID 17780] DEBUG Could not find `.pyre_configuration` in the project root.Searching for `pyproject.toml`...
2026-01-31 13:51:14,933 [PID 17780] ERROR Uncaught error in persistent.run
Traceback (most recent call last):
  File "/home/dylan/.local/share/nvim/mason/packages/pyre/venv/lib64/python3.13/site-packages/pyre_check/client/commands/persistent.py", line 299, in run
    return asyncio.get_event_loop().run_until_complete(
           ~~~~~~~~~~~~~~~~~~~~~~~~~~~~~~~~~~~~~~~~~~~^
        run_persistent(
        ^^^^^^^^^^^^^^^
    ...<2 lines>...
        )
        ^
    )
    ^
  File "/usr/lib64/python3.13/asyncio/base_events.py", line 725, in run_until_complete
    return future.result()
           ~~~~~~~~~~~~~^^
  File "/home/dylan/.local/share/nvim/mason/packages/pyre/venv/lib64/python3.13/site-packages/pyre_check/client/commands/persistent.py", line 224, in run_persistent
    initial_server_options = pyre_server_options.read_server_options(
        server_options_reader, remote_logging
    )
  File "/home/dylan/.local/share/nvim/mason/packages/pyre/venv/lib64/python3.13/site-packages/pyre_check/client/commands/pyre_server_options.py", line 129, in read_server_options
    return server_options_reader()
  File "/home/dylan/.local/share/nvim/mason/packages/pyre/venv/lib64/python3.13/site-packages/pyre_check/client/commands/pyre_server_options.py", line 114, in read
    return PyreServerOptions.create(
           ~~~~~~~~~~~~~~~~~~~~~~~~^
        start_command_argument=start_command_argument,
        ^^^^^^^^^^^^^^^^^^^^^^^^^^^^^^^^^^^^^^^^^^^^^^
        configuration=read_frontend_configuration(),
        ^^^^^^^^^^^^^^^^^^^^^^^^^^^^^^^^^^^^^^^^^^^^
        language_server_features=language_server_features,
        ^^^^^^^^^^^^^^^^^^^^^^^^^^^^^^^^^^^^^^^^^^^^^^^^^^
    )
    ^
  File "/home/dylan/.local/share/nvim/mason/packages/pyre/venv/lib64/python3.13/site-packages/pyre_check/client/commands/pyre_server_options.py", line 93, in create
    start_arguments = start.create_server_arguments(
        configuration,
        start_command_argument,
        False,  # kill_buck_after_build
    )
  File "/home/dylan/.local/share/nvim/mason/packages/pyre/venv/lib64/python3.13/site-packages/pyre_check/client/commands/start.py", line 311, in create_server_arguments
    source_paths = backend_arguments.get_source_path_for_server(
        configuration,
    ...<3 lines>...
        watchman_root,
    )
  File "/home/dylan/.local/share/nvim/mason/packages/pyre/venv/lib64/python3.13/site-packages/pyre_check/client/backend_arguments.py", line 418, in get_source_path_for_server
    return get_source_path(
        configuration,
    ...<4 lines>...
        watchman_root,
    )
  File "/home/dylan/.local/share/nvim/mason/packages/pyre/venv/lib64/python3.13/site-packages/pyre_check/client/backend_arguments.py", line 397, in get_source_path
    raise configuration_module.InvalidConfiguration(
    ...<2 lines>...
    )
pyre_check.client.configuration.exceptions.InvalidConfiguration: Invalid configuration: Cannot find any source files to analyze. Either `source_directories` or `targets` must be specified.
2026-01-31 13:53:42,810 [PID 18008] DEBUG Using selector: EpollSelector
2026-01-31 13:53:42,810 [PID 18008] INFO Reading Pyre server configurations...
2026-01-31 13:53:42,811 [PID 18008] DEBUG Could not find `.pyre_configuration` in the project root.Searching for `pyproject.toml`...
2026-01-31 13:53:42,814 [PID 18008] ERROR Uncaught error in persistent.run
Traceback (most recent call last):
  File "/home/dylan/.local/share/nvim/mason/packages/pyre/venv/lib64/python3.13/site-packages/pyre_check/client/commands/persistent.py", line 299, in run
    return asyncio.get_event_loop().run_until_complete(
           ~~~~~~~~~~~~~~~~~~~~~~~~~~~~~~~~~~~~~~~~~~~^
        run_persistent(
        ^^^^^^^^^^^^^^^
    ...<2 lines>...
        )
        ^
    )
    ^
  File "/usr/lib64/python3.13/asyncio/base_events.py", line 725, in run_until_complete
    return future.result()
           ~~~~~~~~~~~~~^^
  File "/home/dylan/.local/share/nvim/mason/packages/pyre/venv/lib64/python3.13/site-packages/pyre_check/client/commands/persistent.py", line 224, in run_persistent
    initial_server_options = pyre_server_options.read_server_options(
        server_options_reader, remote_logging
    )
  File "/home/dylan/.local/share/nvim/mason/packages/pyre/venv/lib64/python3.13/site-packages/pyre_check/client/commands/pyre_server_options.py", line 129, in read_server_options
    return server_options_reader()
  File "/home/dylan/.local/share/nvim/mason/packages/pyre/venv/lib64/python3.13/site-packages/pyre_check/client/commands/pyre_server_options.py", line 114, in read
    return PyreServerOptions.create(
           ~~~~~~~~~~~~~~~~~~~~~~~~^
        start_command_argument=start_command_argument,
        ^^^^^^^^^^^^^^^^^^^^^^^^^^^^^^^^^^^^^^^^^^^^^^
        configuration=read_frontend_configuration(),
        ^^^^^^^^^^^^^^^^^^^^^^^^^^^^^^^^^^^^^^^^^^^^
        language_server_features=language_server_features,
        ^^^^^^^^^^^^^^^^^^^^^^^^^^^^^^^^^^^^^^^^^^^^^^^^^^
    )
    ^
  File "/home/dylan/.local/share/nvim/mason/packages/pyre/venv/lib64/python3.13/site-packages/pyre_check/client/commands/pyre_server_options.py", line 93, in create
    start_arguments = start.create_server_arguments(
        configuration,
        start_command_argument,
        False,  # kill_buck_after_build
    )
  File "/home/dylan/.local/share/nvim/mason/packages/pyre/venv/lib64/python3.13/site-packages/pyre_check/client/commands/start.py", line 311, in create_server_arguments
    source_paths = backend_arguments.get_source_path_for_server(
        configuration,
    ...<3 lines>...
        watchman_root,
    )
  File "/home/dylan/.local/share/nvim/mason/packages/pyre/venv/lib64/python3.13/site-packages/pyre_check/client/backend_arguments.py", line 418, in get_source_path_for_server
    return get_source_path(
        configuration,
    ...<4 lines>...
        watchman_root,
    )
  File "/home/dylan/.local/share/nvim/mason/packages/pyre/venv/lib64/python3.13/site-packages/pyre_check/client/backend_arguments.py", line 397, in get_source_path
    raise configuration_module.InvalidConfiguration(
    ...<2 lines>...
    )
pyre_check.client.configuration.exceptions.InvalidConfiguration: Invalid configuration: Cannot find any source files to analyze. Either `source_directories` or `targets` must be specified.
2026-01-31 13:54:03,537 [PID 18036] DEBUG Using selector: EpollSelector
2026-01-31 13:54:03,537 [PID 18036] INFO Reading Pyre server configurations...
2026-01-31 13:54:03,538 [PID 18036] DEBUG Could not find `.pyre_configuration` in the project root.Searching for `pyproject.toml`...
2026-01-31 13:54:03,541 [PID 18036] ERROR Uncaught error in persistent.run
Traceback (most recent call last):
  File "/home/dylan/.local/share/nvim/mason/packages/pyre/venv/lib64/python3.13/site-packages/pyre_check/client/commands/persistent.py", line 299, in run
    return asyncio.get_event_loop().run_until_complete(
           ~~~~~~~~~~~~~~~~~~~~~~~~~~~~~~~~~~~~~~~~~~~^
        run_persistent(
        ^^^^^^^^^^^^^^^
    ...<2 lines>...
        )
        ^
    )
    ^
  File "/usr/lib64/python3.13/asyncio/base_events.py", line 725, in run_until_complete
    return future.result()
           ~~~~~~~~~~~~~^^
  File "/home/dylan/.local/share/nvim/mason/packages/pyre/venv/lib64/python3.13/site-packages/pyre_check/client/commands/persistent.py", line 224, in run_persistent
    initial_server_options = pyre_server_options.read_server_options(
        server_options_reader, remote_logging
    )
  File "/home/dylan/.local/share/nvim/mason/packages/pyre/venv/lib64/python3.13/site-packages/pyre_check/client/commands/pyre_server_options.py", line 129, in read_server_options
    return server_options_reader()
  File "/home/dylan/.local/share/nvim/mason/packages/pyre/venv/lib64/python3.13/site-packages/pyre_check/client/commands/pyre_server_options.py", line 114, in read
    return PyreServerOptions.create(
           ~~~~~~~~~~~~~~~~~~~~~~~~^
        start_command_argument=start_command_argument,
        ^^^^^^^^^^^^^^^^^^^^^^^^^^^^^^^^^^^^^^^^^^^^^^
        configuration=read_frontend_configuration(),
        ^^^^^^^^^^^^^^^^^^^^^^^^^^^^^^^^^^^^^^^^^^^^
        language_server_features=language_server_features,
        ^^^^^^^^^^^^^^^^^^^^^^^^^^^^^^^^^^^^^^^^^^^^^^^^^^
    )
    ^
  File "/home/dylan/.local/share/nvim/mason/packages/pyre/venv/lib64/python3.13/site-packages/pyre_check/client/commands/pyre_server_options.py", line 93, in create
    start_arguments = start.create_server_arguments(
        configuration,
        start_command_argument,
        False,  # kill_buck_after_build
    )
  File "/home/dylan/.local/share/nvim/mason/packages/pyre/venv/lib64/python3.13/site-packages/pyre_check/client/commands/start.py", line 311, in create_server_arguments
    source_paths = backend_arguments.get_source_path_for_server(
        configuration,
    ...<3 lines>...
        watchman_root,
    )
  File "/home/dylan/.local/share/nvim/mason/packages/pyre/venv/lib64/python3.13/site-packages/pyre_check/client/backend_arguments.py", line 418, in get_source_path_for_server
    return get_source_path(
        configuration,
    ...<4 lines>...
        watchman_root,
    )
  File "/home/dylan/.local/share/nvim/mason/packages/pyre/venv/lib64/python3.13/site-packages/pyre_check/client/backend_arguments.py", line 397, in get_source_path
    raise configuration_module.InvalidConfiguration(
    ...<2 lines>...
    )
pyre_check.client.configuration.exceptions.InvalidConfiguration: Invalid configuration: Cannot find any source files to analyze. Either `source_directories` or `targets` must be specified.
2026-01-31 13:56:59,754 [PID 18312] DEBUG Using selector: EpollSelector
2026-01-31 13:56:59,754 [PID 18312] INFO Reading Pyre server configurations...
2026-01-31 13:56:59,755 [PID 18312] DEBUG Could not find `.pyre_configuration` in the project root.Searching for `pyproject.toml`...
2026-01-31 13:56:59,758 [PID 18312] ERROR Uncaught error in persistent.run
Traceback (most recent call last):
  File "/home/dylan/.local/share/nvim/mason/packages/pyre/venv/lib64/python3.13/site-packages/pyre_check/client/commands/persistent.py", line 299, in run
    return asyncio.get_event_loop().run_until_complete(
           ~~~~~~~~~~~~~~~~~~~~~~~~~~~~~~~~~~~~~~~~~~~^
        run_persistent(
        ^^^^^^^^^^^^^^^
    ...<2 lines>...
        )
        ^
    )
    ^
  File "/usr/lib64/python3.13/asyncio/base_events.py", line 725, in run_until_complete
    return future.result()
           ~~~~~~~~~~~~~^^
  File "/home/dylan/.local/share/nvim/mason/packages/pyre/venv/lib64/python3.13/site-packages/pyre_check/client/commands/persistent.py", line 224, in run_persistent
    initial_server_options = pyre_server_options.read_server_options(
        server_options_reader, remote_logging
    )
  File "/home/dylan/.local/share/nvim/mason/packages/pyre/venv/lib64/python3.13/site-packages/pyre_check/client/commands/pyre_server_options.py", line 129, in read_server_options
    return server_options_reader()
  File "/home/dylan/.local/share/nvim/mason/packages/pyre/venv/lib64/python3.13/site-packages/pyre_check/client/commands/pyre_server_options.py", line 114, in read
    return PyreServerOptions.create(
           ~~~~~~~~~~~~~~~~~~~~~~~~^
        start_command_argument=start_command_argument,
        ^^^^^^^^^^^^^^^^^^^^^^^^^^^^^^^^^^^^^^^^^^^^^^
        configuration=read_frontend_configuration(),
        ^^^^^^^^^^^^^^^^^^^^^^^^^^^^^^^^^^^^^^^^^^^^
        language_server_features=language_server_features,
        ^^^^^^^^^^^^^^^^^^^^^^^^^^^^^^^^^^^^^^^^^^^^^^^^^^
    )
    ^
  File "/home/dylan/.local/share/nvim/mason/packages/pyre/venv/lib64/python3.13/site-packages/pyre_check/client/commands/pyre_server_options.py", line 93, in create
    start_arguments = start.create_server_arguments(
        configuration,
        start_command_argument,
        False,  # kill_buck_after_build
    )
  File "/home/dylan/.local/share/nvim/mason/packages/pyre/venv/lib64/python3.13/site-packages/pyre_check/client/commands/start.py", line 311, in create_server_arguments
    source_paths = backend_arguments.get_source_path_for_server(
        configuration,
    ...<3 lines>...
        watchman_root,
    )
  File "/home/dylan/.local/share/nvim/mason/packages/pyre/venv/lib64/python3.13/site-packages/pyre_check/client/backend_arguments.py", line 418, in get_source_path_for_server
    return get_source_path(
        configuration,
    ...<4 lines>...
        watchman_root,
    )
  File "/home/dylan/.local/share/nvim/mason/packages/pyre/venv/lib64/python3.13/site-packages/pyre_check/client/backend_arguments.py", line 397, in get_source_path
    raise configuration_module.InvalidConfiguration(
    ...<2 lines>...
    )
pyre_check.client.configuration.exceptions.InvalidConfiguration: Invalid configuration: Cannot find any source files to analyze. Either `source_directories` or `targets` must be specified.
2026-01-31 13:57:01,485 [PID 18316] DEBUG Using selector: EpollSelector
2026-01-31 13:57:01,486 [PID 18316] INFO Reading Pyre server configurations...
2026-01-31 13:57:01,486 [PID 18316] DEBUG Could not find `.pyre_configuration` in the project root.Searching for `pyproject.toml`...
2026-01-31 13:57:01,491 [PID 18316] ERROR Uncaught error in persistent.run
Traceback (most recent call last):
  File "/home/dylan/.local/share/nvim/mason/packages/pyre/venv/lib64/python3.13/site-packages/pyre_check/client/commands/persistent.py", line 299, in run
    return asyncio.get_event_loop().run_until_complete(
           ~~~~~~~~~~~~~~~~~~~~~~~~~~~~~~~~~~~~~~~~~~~^
        run_persistent(
        ^^^^^^^^^^^^^^^
    ...<2 lines>...
        )
        ^
    )
    ^
  File "/usr/lib64/python3.13/asyncio/base_events.py", line 725, in run_until_complete
    return future.result()
           ~~~~~~~~~~~~~^^
  File "/home/dylan/.local/share/nvim/mason/packages/pyre/venv/lib64/python3.13/site-packages/pyre_check/client/commands/persistent.py", line 224, in run_persistent
    initial_server_options = pyre_server_options.read_server_options(
        server_options_reader, remote_logging
    )
  File "/home/dylan/.local/share/nvim/mason/packages/pyre/venv/lib64/python3.13/site-packages/pyre_check/client/commands/pyre_server_options.py", line 129, in read_server_options
    return server_options_reader()
  File "/home/dylan/.local/share/nvim/mason/packages/pyre/venv/lib64/python3.13/site-packages/pyre_check/client/commands/pyre_server_options.py", line 114, in read
    return PyreServerOptions.create(
           ~~~~~~~~~~~~~~~~~~~~~~~~^
        start_command_argument=start_command_argument,
        ^^^^^^^^^^^^^^^^^^^^^^^^^^^^^^^^^^^^^^^^^^^^^^
        configuration=read_frontend_configuration(),
        ^^^^^^^^^^^^^^^^^^^^^^^^^^^^^^^^^^^^^^^^^^^^
        language_server_features=language_server_features,
        ^^^^^^^^^^^^^^^^^^^^^^^^^^^^^^^^^^^^^^^^^^^^^^^^^^
    )
    ^
  File "/home/dylan/.local/share/nvim/mason/packages/pyre/venv/lib64/python3.13/site-packages/pyre_check/client/commands/pyre_server_options.py", line 93, in create
    start_arguments = start.create_server_arguments(
        configuration,
        start_command_argument,
        False,  # kill_buck_after_build
    )
  File "/home/dylan/.local/share/nvim/mason/packages/pyre/venv/lib64/python3.13/site-packages/pyre_check/client/commands/start.py", line 311, in create_server_arguments
    source_paths = backend_arguments.get_source_path_for_server(
        configuration,
    ...<3 lines>...
        watchman_root,
    )
  File "/home/dylan/.local/share/nvim/mason/packages/pyre/venv/lib64/python3.13/site-packages/pyre_check/client/backend_arguments.py", line 418, in get_source_path_for_server
    return get_source_path(
        configuration,
    ...<4 lines>...
        watchman_root,
    )
  File "/home/dylan/.local/share/nvim/mason/packages/pyre/venv/lib64/python3.13/site-packages/pyre_check/client/backend_arguments.py", line 397, in get_source_path
    raise configuration_module.InvalidConfiguration(
    ...<2 lines>...
    )
pyre_check.client.configuration.exceptions.InvalidConfiguration: Invalid configuration: Cannot find any source files to analyze. Either `source_directories` or `targets` must be specified.
2026-01-31 14:08:52,962 [PID 19225] DEBUG Using selector: EpollSelector
2026-01-31 14:08:52,962 [PID 19225] INFO Reading Pyre server configurations...
2026-01-31 14:08:52,967 [PID 19225] ERROR Uncaught error in persistent.run
Traceback (most recent call last):
  File "/home/dylan/.local/share/nvim/mason/packages/pyre/venv/lib64/python3.13/site-packages/pyre_check/client/commands/persistent.py", line 299, in run
    return asyncio.get_event_loop().run_until_complete(
           ~~~~~~~~~~~~~~~~~~~~~~~~~~~~~~~~~~~~~~~~~~~^
        run_persistent(
        ^^^^^^^^^^^^^^^
    ...<2 lines>...
        )
        ^
    )
    ^
  File "/usr/lib64/python3.13/asyncio/base_events.py", line 725, in run_until_complete
    return future.result()
           ~~~~~~~~~~~~~^^
  File "/home/dylan/.local/share/nvim/mason/packages/pyre/venv/lib64/python3.13/site-packages/pyre_check/client/commands/persistent.py", line 224, in run_persistent
    initial_server_options = pyre_server_options.read_server_options(
        server_options_reader, remote_logging
    )
  File "/home/dylan/.local/share/nvim/mason/packages/pyre/venv/lib64/python3.13/site-packages/pyre_check/client/commands/pyre_server_options.py", line 129, in read_server_options
    return server_options_reader()
  File "/home/dylan/.local/share/nvim/mason/packages/pyre/venv/lib64/python3.13/site-packages/pyre_check/client/commands/pyre_server_options.py", line 114, in read
    return PyreServerOptions.create(
           ~~~~~~~~~~~~~~~~~~~~~~~~^
        start_command_argument=start_command_argument,
        ^^^^^^^^^^^^^^^^^^^^^^^^^^^^^^^^^^^^^^^^^^^^^^
        configuration=read_frontend_configuration(),
        ^^^^^^^^^^^^^^^^^^^^^^^^^^^^^^^^^^^^^^^^^^^^
        language_server_features=language_server_features,
        ^^^^^^^^^^^^^^^^^^^^^^^^^^^^^^^^^^^^^^^^^^^^^^^^^^
    )
    ^
  File "/home/dylan/.local/share/nvim/mason/packages/pyre/venv/lib64/python3.13/site-packages/pyre_check/client/commands/pyre_server_options.py", line 93, in create
    start_arguments = start.create_server_arguments(
        configuration,
        start_command_argument,
        False,  # kill_buck_after_build
    )
  File "/home/dylan/.local/share/nvim/mason/packages/pyre/venv/lib64/python3.13/site-packages/pyre_check/client/commands/start.py", line 311, in create_server_arguments
    source_paths = backend_arguments.get_source_path_for_server(
        configuration,
    ...<3 lines>...
        watchman_root,
    )
  File "/home/dylan/.local/share/nvim/mason/packages/pyre/venv/lib64/python3.13/site-packages/pyre_check/client/backend_arguments.py", line 418, in get_source_path_for_server
    return get_source_path(
        configuration,
    ...<4 lines>...
        watchman_root,
    )
  File "/home/dylan/.local/share/nvim/mason/packages/pyre/venv/lib64/python3.13/site-packages/pyre_check/client/backend_arguments.py", line 397, in get_source_path
    raise configuration_module.InvalidConfiguration(
    ...<2 lines>...
    )
pyre_check.client.configuration.exceptions.InvalidConfiguration: Invalid configuration: Cannot find any source files to analyze. Either `source_directories` or `targets` must be specified.
2026-01-31 14:08:57,100 [PID 19255] DEBUG Using selector: EpollSelector
2026-01-31 14:08:57,100 [PID 19255] INFO Reading Pyre server configurations...
2026-01-31 14:08:57,103 [PID 19255] ERROR Uncaught error in persistent.run
Traceback (most recent call last):
  File "/home/dylan/.local/share/nvim/mason/packages/pyre/venv/lib64/python3.13/site-packages/pyre_check/client/commands/persistent.py", line 299, in run
    return asyncio.get_event_loop().run_until_complete(
           ~~~~~~~~~~~~~~~~~~~~~~~~~~~~~~~~~~~~~~~~~~~^
        run_persistent(
        ^^^^^^^^^^^^^^^
    ...<2 lines>...
        )
        ^
    )
    ^
  File "/usr/lib64/python3.13/asyncio/base_events.py", line 725, in run_until_complete
    return future.result()
           ~~~~~~~~~~~~~^^
  File "/home/dylan/.local/share/nvim/mason/packages/pyre/venv/lib64/python3.13/site-packages/pyre_check/client/commands/persistent.py", line 224, in run_persistent
    initial_server_options = pyre_server_options.read_server_options(
        server_options_reader, remote_logging
    )
  File "/home/dylan/.local/share/nvim/mason/packages/pyre/venv/lib64/python3.13/site-packages/pyre_check/client/commands/pyre_server_options.py", line 129, in read_server_options
    return server_options_reader()
  File "/home/dylan/.local/share/nvim/mason/packages/pyre/venv/lib64/python3.13/site-packages/pyre_check/client/commands/pyre_server_options.py", line 114, in read
    return PyreServerOptions.create(
           ~~~~~~~~~~~~~~~~~~~~~~~~^
        start_command_argument=start_command_argument,
        ^^^^^^^^^^^^^^^^^^^^^^^^^^^^^^^^^^^^^^^^^^^^^^
        configuration=read_frontend_configuration(),
        ^^^^^^^^^^^^^^^^^^^^^^^^^^^^^^^^^^^^^^^^^^^^
        language_server_features=language_server_features,
        ^^^^^^^^^^^^^^^^^^^^^^^^^^^^^^^^^^^^^^^^^^^^^^^^^^
    )
    ^
  File "/home/dylan/.local/share/nvim/mason/packages/pyre/venv/lib64/python3.13/site-packages/pyre_check/client/commands/pyre_server_options.py", line 93, in create
    start_arguments = start.create_server_arguments(
        configuration,
        start_command_argument,
        False,  # kill_buck_after_build
    )
  File "/home/dylan/.local/share/nvim/mason/packages/pyre/venv/lib64/python3.13/site-packages/pyre_check/client/commands/start.py", line 311, in create_server_arguments
    source_paths = backend_arguments.get_source_path_for_server(
        configuration,
    ...<3 lines>...
        watchman_root,
    )
  File "/home/dylan/.local/share/nvim/mason/packages/pyre/venv/lib64/python3.13/site-packages/pyre_check/client/backend_arguments.py", line 418, in get_source_path_for_server
    return get_source_path(
        configuration,
    ...<4 lines>...
        watchman_root,
    )
  File "/home/dylan/.local/share/nvim/mason/packages/pyre/venv/lib64/python3.13/site-packages/pyre_check/client/backend_arguments.py", line 397, in get_source_path
    raise configuration_module.InvalidConfiguration(
    ...<2 lines>...
    )
pyre_check.client.configuration.exceptions.InvalidConfiguration: Invalid configuration: Cannot find any source files to analyze. Either `source_directories` or `targets` must be specified.
2026-01-31 14:21:44,872 [PID 20173] DEBUG Using selector: EpollSelector
2026-01-31 14:21:44,873 [PID 20173] INFO Reading Pyre server configurations...
2026-01-31 14:21:44,877 [PID 20173] ERROR Uncaught error in persistent.run
Traceback (most recent call last):
  File "/home/dylan/.local/share/nvim/mason/packages/pyre/venv/lib64/python3.13/site-packages/pyre_check/client/commands/persistent.py", line 299, in run
    return asyncio.get_event_loop().run_until_complete(
           ~~~~~~~~~~~~~~~~~~~~~~~~~~~~~~~~~~~~~~~~~~~^
        run_persistent(
        ^^^^^^^^^^^^^^^
    ...<2 lines>...
        )
        ^
    )
    ^
  File "/usr/lib64/python3.13/asyncio/base_events.py", line 725, in run_until_complete
    return future.result()
           ~~~~~~~~~~~~~^^
  File "/home/dylan/.local/share/nvim/mason/packages/pyre/venv/lib64/python3.13/site-packages/pyre_check/client/commands/persistent.py", line 224, in run_persistent
    initial_server_options = pyre_server_options.read_server_options(
        server_options_reader, remote_logging
    )
  File "/home/dylan/.local/share/nvim/mason/packages/pyre/venv/lib64/python3.13/site-packages/pyre_check/client/commands/pyre_server_options.py", line 129, in read_server_options
    return server_options_reader()
  File "/home/dylan/.local/share/nvim/mason/packages/pyre/venv/lib64/python3.13/site-packages/pyre_check/client/commands/pyre_server_options.py", line 114, in read
    return PyreServerOptions.create(
           ~~~~~~~~~~~~~~~~~~~~~~~~^
        start_command_argument=start_command_argument,
        ^^^^^^^^^^^^^^^^^^^^^^^^^^^^^^^^^^^^^^^^^^^^^^
        configuration=read_frontend_configuration(),
        ^^^^^^^^^^^^^^^^^^^^^^^^^^^^^^^^^^^^^^^^^^^^
        language_server_features=language_server_features,
        ^^^^^^^^^^^^^^^^^^^^^^^^^^^^^^^^^^^^^^^^^^^^^^^^^^
    )
    ^
  File "/home/dylan/.local/share/nvim/mason/packages/pyre/venv/lib64/python3.13/site-packages/pyre_check/client/commands/pyre_server_options.py", line 93, in create
    start_arguments = start.create_server_arguments(
        configuration,
        start_command_argument,
        False,  # kill_buck_after_build
    )
  File "/home/dylan/.local/share/nvim/mason/packages/pyre/venv/lib64/python3.13/site-packages/pyre_check/client/commands/start.py", line 311, in create_server_arguments
    source_paths = backend_arguments.get_source_path_for_server(
        configuration,
    ...<3 lines>...
        watchman_root,
    )
  File "/home/dylan/.local/share/nvim/mason/packages/pyre/venv/lib64/python3.13/site-packages/pyre_check/client/backend_arguments.py", line 418, in get_source_path_for_server
    return get_source_path(
        configuration,
    ...<4 lines>...
        watchman_root,
    )
  File "/home/dylan/.local/share/nvim/mason/packages/pyre/venv/lib64/python3.13/site-packages/pyre_check/client/backend_arguments.py", line 397, in get_source_path
    raise configuration_module.InvalidConfiguration(
    ...<2 lines>...
    )
pyre_check.client.configuration.exceptions.InvalidConfiguration: Invalid configuration: Cannot find any source files to analyze. Either `source_directories` or `targets` must be specified.
2026-01-31 14:22:05,432 [PID 20250] DEBUG Using selector: EpollSelector
2026-01-31 14:22:05,433 [PID 20250] INFO Reading Pyre server configurations...
2026-01-31 14:22:05,437 [PID 20250] ERROR Uncaught error in persistent.run
Traceback (most recent call last):
  File "/home/dylan/.local/share/nvim/mason/packages/pyre/venv/lib64/python3.13/site-packages/pyre_check/client/commands/persistent.py", line 299, in run
    return asyncio.get_event_loop().run_until_complete(
           ~~~~~~~~~~~~~~~~~~~~~~~~~~~~~~~~~~~~~~~~~~~^
        run_persistent(
        ^^^^^^^^^^^^^^^
    ...<2 lines>...
        )
        ^
    )
    ^
  File "/usr/lib64/python3.13/asyncio/base_events.py", line 725, in run_until_complete
    return future.result()
           ~~~~~~~~~~~~~^^
  File "/home/dylan/.local/share/nvim/mason/packages/pyre/venv/lib64/python3.13/site-packages/pyre_check/client/commands/persistent.py", line 224, in run_persistent
    initial_server_options = pyre_server_options.read_server_options(
        server_options_reader, remote_logging
    )
  File "/home/dylan/.local/share/nvim/mason/packages/pyre/venv/lib64/python3.13/site-packages/pyre_check/client/commands/pyre_server_options.py", line 129, in read_server_options
    return server_options_reader()
  File "/home/dylan/.local/share/nvim/mason/packages/pyre/venv/lib64/python3.13/site-packages/pyre_check/client/commands/pyre_server_options.py", line 114, in read
    return PyreServerOptions.create(
           ~~~~~~~~~~~~~~~~~~~~~~~~^
        start_command_argument=start_command_argument,
        ^^^^^^^^^^^^^^^^^^^^^^^^^^^^^^^^^^^^^^^^^^^^^^
        configuration=read_frontend_configuration(),
        ^^^^^^^^^^^^^^^^^^^^^^^^^^^^^^^^^^^^^^^^^^^^
        language_server_features=language_server_features,
        ^^^^^^^^^^^^^^^^^^^^^^^^^^^^^^^^^^^^^^^^^^^^^^^^^^
    )
    ^
  File "/home/dylan/.local/share/nvim/mason/packages/pyre/venv/lib64/python3.13/site-packages/pyre_check/client/commands/pyre_server_options.py", line 93, in create
    start_arguments = start.create_server_arguments(
        configuration,
        start_command_argument,
        False,  # kill_buck_after_build
    )
  File "/home/dylan/.local/share/nvim/mason/packages/pyre/venv/lib64/python3.13/site-packages/pyre_check/client/commands/start.py", line 311, in create_server_arguments
    source_paths = backend_arguments.get_source_path_for_server(
        configuration,
    ...<3 lines>...
        watchman_root,
    )
  File "/home/dylan/.local/share/nvim/mason/packages/pyre/venv/lib64/python3.13/site-packages/pyre_check/client/backend_arguments.py", line 418, in get_source_path_for_server
    return get_source_path(
        configuration,
    ...<4 lines>...
        watchman_root,
    )
  File "/home/dylan/.local/share/nvim/mason/packages/pyre/venv/lib64/python3.13/site-packages/pyre_check/client/backend_arguments.py", line 397, in get_source_path
    raise configuration_module.InvalidConfiguration(
    ...<2 lines>...
    )
pyre_check.client.configuration.exceptions.InvalidConfiguration: Invalid configuration: Cannot find any source files to analyze. Either `source_directories` or `targets` must be specified.
2026-01-31 14:25:29,832 [PID 20372] DEBUG Using selector: EpollSelector
2026-01-31 14:25:29,832 [PID 20372] INFO Reading Pyre server configurations...
2026-01-31 14:25:29,836 [PID 20372] ERROR Uncaught error in persistent.run
Traceback (most recent call last):
  File "/home/dylan/.local/share/nvim/mason/packages/pyre/venv/lib64/python3.13/site-packages/pyre_check/client/commands/persistent.py", line 299, in run
    return asyncio.get_event_loop().run_until_complete(
           ~~~~~~~~~~~~~~~~~~~~~~~~~~~~~~~~~~~~~~~~~~~^
        run_persistent(
        ^^^^^^^^^^^^^^^
    ...<2 lines>...
        )
        ^
    )
    ^
  File "/usr/lib64/python3.13/asyncio/base_events.py", line 725, in run_until_complete
    return future.result()
           ~~~~~~~~~~~~~^^
  File "/home/dylan/.local/share/nvim/mason/packages/pyre/venv/lib64/python3.13/site-packages/pyre_check/client/commands/persistent.py", line 224, in run_persistent
    initial_server_options = pyre_server_options.read_server_options(
        server_options_reader, remote_logging
    )
  File "/home/dylan/.local/share/nvim/mason/packages/pyre/venv/lib64/python3.13/site-packages/pyre_check/client/commands/pyre_server_options.py", line 129, in read_server_options
    return server_options_reader()
  File "/home/dylan/.local/share/nvim/mason/packages/pyre/venv/lib64/python3.13/site-packages/pyre_check/client/commands/pyre_server_options.py", line 114, in read
    return PyreServerOptions.create(
           ~~~~~~~~~~~~~~~~~~~~~~~~^
        start_command_argument=start_command_argument,
        ^^^^^^^^^^^^^^^^^^^^^^^^^^^^^^^^^^^^^^^^^^^^^^
        configuration=read_frontend_configuration(),
        ^^^^^^^^^^^^^^^^^^^^^^^^^^^^^^^^^^^^^^^^^^^^
        language_server_features=language_server_features,
        ^^^^^^^^^^^^^^^^^^^^^^^^^^^^^^^^^^^^^^^^^^^^^^^^^^
    )
    ^
  File "/home/dylan/.local/share/nvim/mason/packages/pyre/venv/lib64/python3.13/site-packages/pyre_check/client/commands/pyre_server_options.py", line 93, in create
    start_arguments = start.create_server_arguments(
        configuration,
        start_command_argument,
        False,  # kill_buck_after_build
    )
  File "/home/dylan/.local/share/nvim/mason/packages/pyre/venv/lib64/python3.13/site-packages/pyre_check/client/commands/start.py", line 311, in create_server_arguments
    source_paths = backend_arguments.get_source_path_for_server(
        configuration,
    ...<3 lines>...
        watchman_root,
    )
  File "/home/dylan/.local/share/nvim/mason/packages/pyre/venv/lib64/python3.13/site-packages/pyre_check/client/backend_arguments.py", line 418, in get_source_path_for_server
    return get_source_path(
        configuration,
    ...<4 lines>...
        watchman_root,
    )
  File "/home/dylan/.local/share/nvim/mason/packages/pyre/venv/lib64/python3.13/site-packages/pyre_check/client/backend_arguments.py", line 397, in get_source_path
    raise configuration_module.InvalidConfiguration(
    ...<2 lines>...
    )
pyre_check.client.configuration.exceptions.InvalidConfiguration: Invalid configuration: Cannot find any source files to analyze. Either `source_directories` or `targets` must be specified.
2026-01-31 14:26:20,560 [PID 20414] DEBUG Using selector: EpollSelector
2026-01-31 14:26:20,560 [PID 20414] INFO Reading Pyre server configurations...
2026-01-31 14:26:20,564 [PID 20414] ERROR Uncaught error in persistent.run
Traceback (most recent call last):
  File "/home/dylan/.local/share/nvim/mason/packages/pyre/venv/lib64/python3.13/site-packages/pyre_check/client/commands/persistent.py", line 299, in run
    return asyncio.get_event_loop().run_until_complete(
           ~~~~~~~~~~~~~~~~~~~~~~~~~~~~~~~~~~~~~~~~~~~^
        run_persistent(
        ^^^^^^^^^^^^^^^
    ...<2 lines>...
        )
        ^
    )
    ^
  File "/usr/lib64/python3.13/asyncio/base_events.py", line 725, in run_until_complete
    return future.result()
           ~~~~~~~~~~~~~^^
  File "/home/dylan/.local/share/nvim/mason/packages/pyre/venv/lib64/python3.13/site-packages/pyre_check/client/commands/persistent.py", line 224, in run_persistent
    initial_server_options = pyre_server_options.read_server_options(
        server_options_reader, remote_logging
    )
  File "/home/dylan/.local/share/nvim/mason/packages/pyre/venv/lib64/python3.13/site-packages/pyre_check/client/commands/pyre_server_options.py", line 129, in read_server_options
    return server_options_reader()
  File "/home/dylan/.local/share/nvim/mason/packages/pyre/venv/lib64/python3.13/site-packages/pyre_check/client/commands/pyre_server_options.py", line 114, in read
    return PyreServerOptions.create(
           ~~~~~~~~~~~~~~~~~~~~~~~~^
        start_command_argument=start_command_argument,
        ^^^^^^^^^^^^^^^^^^^^^^^^^^^^^^^^^^^^^^^^^^^^^^
        configuration=read_frontend_configuration(),
        ^^^^^^^^^^^^^^^^^^^^^^^^^^^^^^^^^^^^^^^^^^^^
        language_server_features=language_server_features,
        ^^^^^^^^^^^^^^^^^^^^^^^^^^^^^^^^^^^^^^^^^^^^^^^^^^
    )
    ^
  File "/home/dylan/.local/share/nvim/mason/packages/pyre/venv/lib64/python3.13/site-packages/pyre_check/client/commands/pyre_server_options.py", line 93, in create
    start_arguments = start.create_server_arguments(
        configuration,
        start_command_argument,
        False,  # kill_buck_after_build
    )
  File "/home/dylan/.local/share/nvim/mason/packages/pyre/venv/lib64/python3.13/site-packages/pyre_check/client/commands/start.py", line 311, in create_server_arguments
    source_paths = backend_arguments.get_source_path_for_server(
        configuration,
    ...<3 lines>...
        watchman_root,
    )
  File "/home/dylan/.local/share/nvim/mason/packages/pyre/venv/lib64/python3.13/site-packages/pyre_check/client/backend_arguments.py", line 418, in get_source_path_for_server
    return get_source_path(
        configuration,
    ...<4 lines>...
        watchman_root,
    )
  File "/home/dylan/.local/share/nvim/mason/packages/pyre/venv/lib64/python3.13/site-packages/pyre_check/client/backend_arguments.py", line 397, in get_source_path
    raise configuration_module.InvalidConfiguration(
    ...<2 lines>...
    )
pyre_check.client.configuration.exceptions.InvalidConfiguration: Invalid configuration: Cannot find any source files to analyze. Either `source_directories` or `targets` must be specified.
2026-01-31 14:27:09,580 [PID 20503] DEBUG Using selector: EpollSelector
2026-01-31 14:27:09,581 [PID 20503] INFO Reading Pyre server configurations...
2026-01-31 14:27:09,585 [PID 20503] ERROR Uncaught error in persistent.run
Traceback (most recent call last):
  File "/home/dylan/.local/share/nvim/mason/packages/pyre/venv/lib64/python3.13/site-packages/pyre_check/client/commands/persistent.py", line 299, in run
    return asyncio.get_event_loop().run_until_complete(
           ~~~~~~~~~~~~~~~~~~~~~~~~~~~~~~~~~~~~~~~~~~~^
        run_persistent(
        ^^^^^^^^^^^^^^^
    ...<2 lines>...
        )
        ^
    )
    ^
  File "/usr/lib64/python3.13/asyncio/base_events.py", line 725, in run_until_complete
    return future.result()
           ~~~~~~~~~~~~~^^
  File "/home/dylan/.local/share/nvim/mason/packages/pyre/venv/lib64/python3.13/site-packages/pyre_check/client/commands/persistent.py", line 224, in run_persistent
    initial_server_options = pyre_server_options.read_server_options(
        server_options_reader, remote_logging
    )
  File "/home/dylan/.local/share/nvim/mason/packages/pyre/venv/lib64/python3.13/site-packages/pyre_check/client/commands/pyre_server_options.py", line 129, in read_server_options
    return server_options_reader()
  File "/home/dylan/.local/share/nvim/mason/packages/pyre/venv/lib64/python3.13/site-packages/pyre_check/client/commands/pyre_server_options.py", line 114, in read
    return PyreServerOptions.create(
           ~~~~~~~~~~~~~~~~~~~~~~~~^
        start_command_argument=start_command_argument,
        ^^^^^^^^^^^^^^^^^^^^^^^^^^^^^^^^^^^^^^^^^^^^^^
        configuration=read_frontend_configuration(),
        ^^^^^^^^^^^^^^^^^^^^^^^^^^^^^^^^^^^^^^^^^^^^
        language_server_features=language_server_features,
        ^^^^^^^^^^^^^^^^^^^^^^^^^^^^^^^^^^^^^^^^^^^^^^^^^^
    )
    ^
  File "/home/dylan/.local/share/nvim/mason/packages/pyre/venv/lib64/python3.13/site-packages/pyre_check/client/commands/pyre_server_options.py", line 93, in create
    start_arguments = start.create_server_arguments(
        configuration,
        start_command_argument,
        False,  # kill_buck_after_build
    )
  File "/home/dylan/.local/share/nvim/mason/packages/pyre/venv/lib64/python3.13/site-packages/pyre_check/client/commands/start.py", line 311, in create_server_arguments
    source_paths = backend_arguments.get_source_path_for_server(
        configuration,
    ...<3 lines>...
        watchman_root,
    )
  File "/home/dylan/.local/share/nvim/mason/packages/pyre/venv/lib64/python3.13/site-packages/pyre_check/client/backend_arguments.py", line 418, in get_source_path_for_server
    return get_source_path(
        configuration,
    ...<4 lines>...
        watchman_root,
    )
  File "/home/dylan/.local/share/nvim/mason/packages/pyre/venv/lib64/python3.13/site-packages/pyre_check/client/backend_arguments.py", line 397, in get_source_path
    raise configuration_module.InvalidConfiguration(
    ...<2 lines>...
    )
pyre_check.client.configuration.exceptions.InvalidConfiguration: Invalid configuration: Cannot find any source files to analyze. Either `source_directories` or `targets` must be specified.
2026-01-31 14:27:25,953 [PID 20587] DEBUG Using selector: EpollSelector
2026-01-31 14:27:25,954 [PID 20587] INFO Reading Pyre server configurations...
2026-01-31 14:27:25,958 [PID 20587] ERROR Uncaught error in persistent.run
Traceback (most recent call last):
  File "/home/dylan/.local/share/nvim/mason/packages/pyre/venv/lib64/python3.13/site-packages/pyre_check/client/commands/persistent.py", line 299, in run
    return asyncio.get_event_loop().run_until_complete(
           ~~~~~~~~~~~~~~~~~~~~~~~~~~~~~~~~~~~~~~~~~~~^
        run_persistent(
        ^^^^^^^^^^^^^^^
    ...<2 lines>...
        )
        ^
    )
    ^
  File "/usr/lib64/python3.13/asyncio/base_events.py", line 725, in run_until_complete
    return future.result()
           ~~~~~~~~~~~~~^^
  File "/home/dylan/.local/share/nvim/mason/packages/pyre/venv/lib64/python3.13/site-packages/pyre_check/client/commands/persistent.py", line 224, in run_persistent
    initial_server_options = pyre_server_options.read_server_options(
        server_options_reader, remote_logging
    )
  File "/home/dylan/.local/share/nvim/mason/packages/pyre/venv/lib64/python3.13/site-packages/pyre_check/client/commands/pyre_server_options.py", line 129, in read_server_options
    return server_options_reader()
  File "/home/dylan/.local/share/nvim/mason/packages/pyre/venv/lib64/python3.13/site-packages/pyre_check/client/commands/pyre_server_options.py", line 114, in read
    return PyreServerOptions.create(
           ~~~~~~~~~~~~~~~~~~~~~~~~^
        start_command_argument=start_command_argument,
        ^^^^^^^^^^^^^^^^^^^^^^^^^^^^^^^^^^^^^^^^^^^^^^
        configuration=read_frontend_configuration(),
        ^^^^^^^^^^^^^^^^^^^^^^^^^^^^^^^^^^^^^^^^^^^^
        language_server_features=language_server_features,
        ^^^^^^^^^^^^^^^^^^^^^^^^^^^^^^^^^^^^^^^^^^^^^^^^^^
    )
    ^
  File "/home/dylan/.local/share/nvim/mason/packages/pyre/venv/lib64/python3.13/site-packages/pyre_check/client/commands/pyre_server_options.py", line 93, in create
    start_arguments = start.create_server_arguments(
        configuration,
        start_command_argument,
        False,  # kill_buck_after_build
    )
  File "/home/dylan/.local/share/nvim/mason/packages/pyre/venv/lib64/python3.13/site-packages/pyre_check/client/commands/start.py", line 311, in create_server_arguments
    source_paths = backend_arguments.get_source_path_for_server(
        configuration,
    ...<3 lines>...
        watchman_root,
    )
  File "/home/dylan/.local/share/nvim/mason/packages/pyre/venv/lib64/python3.13/site-packages/pyre_check/client/backend_arguments.py", line 418, in get_source_path_for_server
    return get_source_path(
        configuration,
    ...<4 lines>...
        watchman_root,
    )
  File "/home/dylan/.local/share/nvim/mason/packages/pyre/venv/lib64/python3.13/site-packages/pyre_check/client/backend_arguments.py", line 397, in get_source_path
    raise configuration_module.InvalidConfiguration(
    ...<2 lines>...
    )
pyre_check.client.configuration.exceptions.InvalidConfiguration: Invalid configuration: Cannot find any source files to analyze. Either `source_directories` or `targets` must be specified.
2026-01-31 14:29:26,148 [PID 20843] DEBUG Using selector: EpollSelector
2026-01-31 14:29:26,149 [PID 20843] INFO Reading Pyre server configurations...
2026-01-31 14:29:26,153 [PID 20843] ERROR Uncaught error in persistent.run
Traceback (most recent call last):
  File "/home/dylan/.local/share/nvim/mason/packages/pyre/venv/lib64/python3.13/site-packages/pyre_check/client/commands/persistent.py", line 299, in run
    return asyncio.get_event_loop().run_until_complete(
           ~~~~~~~~~~~~~~~~~~~~~~~~~~~~~~~~~~~~~~~~~~~^
        run_persistent(
        ^^^^^^^^^^^^^^^
    ...<2 lines>...
        )
        ^
    )
    ^
  File "/usr/lib64/python3.13/asyncio/base_events.py", line 725, in run_until_complete
    return future.result()
           ~~~~~~~~~~~~~^^
  File "/home/dylan/.local/share/nvim/mason/packages/pyre/venv/lib64/python3.13/site-packages/pyre_check/client/commands/persistent.py", line 224, in run_persistent
    initial_server_options = pyre_server_options.read_server_options(
        server_options_reader, remote_logging
    )
  File "/home/dylan/.local/share/nvim/mason/packages/pyre/venv/lib64/python3.13/site-packages/pyre_check/client/commands/pyre_server_options.py", line 129, in read_server_options
    return server_options_reader()
  File "/home/dylan/.local/share/nvim/mason/packages/pyre/venv/lib64/python3.13/site-packages/pyre_check/client/commands/pyre_server_options.py", line 114, in read
    return PyreServerOptions.create(
           ~~~~~~~~~~~~~~~~~~~~~~~~^
        start_command_argument=start_command_argument,
        ^^^^^^^^^^^^^^^^^^^^^^^^^^^^^^^^^^^^^^^^^^^^^^
        configuration=read_frontend_configuration(),
        ^^^^^^^^^^^^^^^^^^^^^^^^^^^^^^^^^^^^^^^^^^^^
        language_server_features=language_server_features,
        ^^^^^^^^^^^^^^^^^^^^^^^^^^^^^^^^^^^^^^^^^^^^^^^^^^
    )
    ^
  File "/home/dylan/.local/share/nvim/mason/packages/pyre/venv/lib64/python3.13/site-packages/pyre_check/client/commands/pyre_server_options.py", line 93, in create
    start_arguments = start.create_server_arguments(
        configuration,
        start_command_argument,
        False,  # kill_buck_after_build
    )
  File "/home/dylan/.local/share/nvim/mason/packages/pyre/venv/lib64/python3.13/site-packages/pyre_check/client/commands/start.py", line 311, in create_server_arguments
    source_paths = backend_arguments.get_source_path_for_server(
        configuration,
    ...<3 lines>...
        watchman_root,
    )
  File "/home/dylan/.local/share/nvim/mason/packages/pyre/venv/lib64/python3.13/site-packages/pyre_check/client/backend_arguments.py", line 418, in get_source_path_for_server
    return get_source_path(
        configuration,
    ...<4 lines>...
        watchman_root,
    )
  File "/home/dylan/.local/share/nvim/mason/packages/pyre/venv/lib64/python3.13/site-packages/pyre_check/client/backend_arguments.py", line 397, in get_source_path
    raise configuration_module.InvalidConfiguration(
    ...<2 lines>...
    )
pyre_check.client.configuration.exceptions.InvalidConfiguration: Invalid configuration: Cannot find any source files to analyze. Either `source_directories` or `targets` must be specified.
2026-01-31 14:29:45,188 [PID 20915] DEBUG Using selector: EpollSelector
2026-01-31 14:29:45,189 [PID 20915] INFO Reading Pyre server configurations...
2026-01-31 14:29:45,193 [PID 20915] ERROR Uncaught error in persistent.run
Traceback (most recent call last):
  File "/home/dylan/.local/share/nvim/mason/packages/pyre/venv/lib64/python3.13/site-packages/pyre_check/client/commands/persistent.py", line 299, in run
    return asyncio.get_event_loop().run_until_complete(
           ~~~~~~~~~~~~~~~~~~~~~~~~~~~~~~~~~~~~~~~~~~~^
        run_persistent(
        ^^^^^^^^^^^^^^^
    ...<2 lines>...
        )
        ^
    )
    ^
  File "/usr/lib64/python3.13/asyncio/base_events.py", line 725, in run_until_complete
    return future.result()
           ~~~~~~~~~~~~~^^
  File "/home/dylan/.local/share/nvim/mason/packages/pyre/venv/lib64/python3.13/site-packages/pyre_check/client/commands/persistent.py", line 224, in run_persistent
    initial_server_options = pyre_server_options.read_server_options(
        server_options_reader, remote_logging
    )
  File "/home/dylan/.local/share/nvim/mason/packages/pyre/venv/lib64/python3.13/site-packages/pyre_check/client/commands/pyre_server_options.py", line 129, in read_server_options
    return server_options_reader()
  File "/home/dylan/.local/share/nvim/mason/packages/pyre/venv/lib64/python3.13/site-packages/pyre_check/client/commands/pyre_server_options.py", line 114, in read
    return PyreServerOptions.create(
           ~~~~~~~~~~~~~~~~~~~~~~~~^
        start_command_argument=start_command_argument,
        ^^^^^^^^^^^^^^^^^^^^^^^^^^^^^^^^^^^^^^^^^^^^^^
        configuration=read_frontend_configuration(),
        ^^^^^^^^^^^^^^^^^^^^^^^^^^^^^^^^^^^^^^^^^^^^
        language_server_features=language_server_features,
        ^^^^^^^^^^^^^^^^^^^^^^^^^^^^^^^^^^^^^^^^^^^^^^^^^^
    )
    ^
  File "/home/dylan/.local/share/nvim/mason/packages/pyre/venv/lib64/python3.13/site-packages/pyre_check/client/commands/pyre_server_options.py", line 93, in create
    start_arguments = start.create_server_arguments(
        configuration,
        start_command_argument,
        False,  # kill_buck_after_build
    )
  File "/home/dylan/.local/share/nvim/mason/packages/pyre/venv/lib64/python3.13/site-packages/pyre_check/client/commands/start.py", line 311, in create_server_arguments
    source_paths = backend_arguments.get_source_path_for_server(
        configuration,
    ...<3 lines>...
        watchman_root,
    )
  File "/home/dylan/.local/share/nvim/mason/packages/pyre/venv/lib64/python3.13/site-packages/pyre_check/client/backend_arguments.py", line 418, in get_source_path_for_server
    return get_source_path(
        configuration,
    ...<4 lines>...
        watchman_root,
    )
  File "/home/dylan/.local/share/nvim/mason/packages/pyre/venv/lib64/python3.13/site-packages/pyre_check/client/backend_arguments.py", line 397, in get_source_path
    raise configuration_module.InvalidConfiguration(
    ...<2 lines>...
    )
pyre_check.client.configuration.exceptions.InvalidConfiguration: Invalid configuration: Cannot find any source files to analyze. Either `source_directories` or `targets` must be specified.
2026-01-31 14:29:56,018 [PID 20986] DEBUG Using selector: EpollSelector
2026-01-31 14:29:56,018 [PID 20986] INFO Reading Pyre server configurations...
2026-01-31 14:29:56,022 [PID 20986] ERROR Uncaught error in persistent.run
Traceback (most recent call last):
  File "/home/dylan/.local/share/nvim/mason/packages/pyre/venv/lib64/python3.13/site-packages/pyre_check/client/commands/persistent.py", line 299, in run
    return asyncio.get_event_loop().run_until_complete(
           ~~~~~~~~~~~~~~~~~~~~~~~~~~~~~~~~~~~~~~~~~~~^
        run_persistent(
        ^^^^^^^^^^^^^^^
    ...<2 lines>...
        )
        ^
    )
    ^
  File "/usr/lib64/python3.13/asyncio/base_events.py", line 725, in run_until_complete
    return future.result()
           ~~~~~~~~~~~~~^^
  File "/home/dylan/.local/share/nvim/mason/packages/pyre/venv/lib64/python3.13/site-packages/pyre_check/client/commands/persistent.py", line 224, in run_persistent
    initial_server_options = pyre_server_options.read_server_options(
        server_options_reader, remote_logging
    )
  File "/home/dylan/.local/share/nvim/mason/packages/pyre/venv/lib64/python3.13/site-packages/pyre_check/client/commands/pyre_server_options.py", line 129, in read_server_options
    return server_options_reader()
  File "/home/dylan/.local/share/nvim/mason/packages/pyre/venv/lib64/python3.13/site-packages/pyre_check/client/commands/pyre_server_options.py", line 114, in read
    return PyreServerOptions.create(
           ~~~~~~~~~~~~~~~~~~~~~~~~^
        start_command_argument=start_command_argument,
        ^^^^^^^^^^^^^^^^^^^^^^^^^^^^^^^^^^^^^^^^^^^^^^
        configuration=read_frontend_configuration(),
        ^^^^^^^^^^^^^^^^^^^^^^^^^^^^^^^^^^^^^^^^^^^^
        language_server_features=language_server_features,
        ^^^^^^^^^^^^^^^^^^^^^^^^^^^^^^^^^^^^^^^^^^^^^^^^^^
    )
    ^
  File "/home/dylan/.local/share/nvim/mason/packages/pyre/venv/lib64/python3.13/site-packages/pyre_check/client/commands/pyre_server_options.py", line 93, in create
    start_arguments = start.create_server_arguments(
        configuration,
        start_command_argument,
        False,  # kill_buck_after_build
    )
  File "/home/dylan/.local/share/nvim/mason/packages/pyre/venv/lib64/python3.13/site-packages/pyre_check/client/commands/start.py", line 311, in create_server_arguments
    source_paths = backend_arguments.get_source_path_for_server(
        configuration,
    ...<3 lines>...
        watchman_root,
    )
  File "/home/dylan/.local/share/nvim/mason/packages/pyre/venv/lib64/python3.13/site-packages/pyre_check/client/backend_arguments.py", line 418, in get_source_path_for_server
    return get_source_path(
        configuration,
    ...<4 lines>...
        watchman_root,
    )
  File "/home/dylan/.local/share/nvim/mason/packages/pyre/venv/lib64/python3.13/site-packages/pyre_check/client/backend_arguments.py", line 397, in get_source_path
    raise configuration_module.InvalidConfiguration(
    ...<2 lines>...
    )
pyre_check.client.configuration.exceptions.InvalidConfiguration: Invalid configuration: Cannot find any source files to analyze. Either `source_directories` or `targets` must be specified.
2026-01-31 14:31:59,549 [PID 21458] DEBUG Using selector: EpollSelector
2026-01-31 14:31:59,549 [PID 21458] INFO Reading Pyre server configurations...
2026-01-31 14:31:59,552 [PID 21458] ERROR Uncaught error in persistent.run
Traceback (most recent call last):
  File "/home/dylan/.local/share/nvim/mason/packages/pyre/venv/lib64/python3.13/site-packages/pyre_check/client/commands/persistent.py", line 299, in run
    return asyncio.get_event_loop().run_until_complete(
           ~~~~~~~~~~~~~~~~~~~~~~~~~~~~~~~~~~~~~~~~~~~^
        run_persistent(
        ^^^^^^^^^^^^^^^
    ...<2 lines>...
        )
        ^
    )
    ^
  File "/usr/lib64/python3.13/asyncio/base_events.py", line 725, in run_until_complete
    return future.result()
           ~~~~~~~~~~~~~^^
  File "/home/dylan/.local/share/nvim/mason/packages/pyre/venv/lib64/python3.13/site-packages/pyre_check/client/commands/persistent.py", line 224, in run_persistent
    initial_server_options = pyre_server_options.read_server_options(
        server_options_reader, remote_logging
    )
  File "/home/dylan/.local/share/nvim/mason/packages/pyre/venv/lib64/python3.13/site-packages/pyre_check/client/commands/pyre_server_options.py", line 129, in read_server_options
    return server_options_reader()
  File "/home/dylan/.local/share/nvim/mason/packages/pyre/venv/lib64/python3.13/site-packages/pyre_check/client/commands/pyre_server_options.py", line 114, in read
    return PyreServerOptions.create(
           ~~~~~~~~~~~~~~~~~~~~~~~~^
        start_command_argument=start_command_argument,
        ^^^^^^^^^^^^^^^^^^^^^^^^^^^^^^^^^^^^^^^^^^^^^^
        configuration=read_frontend_configuration(),
        ^^^^^^^^^^^^^^^^^^^^^^^^^^^^^^^^^^^^^^^^^^^^
        language_server_features=language_server_features,
        ^^^^^^^^^^^^^^^^^^^^^^^^^^^^^^^^^^^^^^^^^^^^^^^^^^
    )
    ^
  File "/home/dylan/.local/share/nvim/mason/packages/pyre/venv/lib64/python3.13/site-packages/pyre_check/client/commands/pyre_server_options.py", line 93, in create
    start_arguments = start.create_server_arguments(
        configuration,
        start_command_argument,
        False,  # kill_buck_after_build
    )
  File "/home/dylan/.local/share/nvim/mason/packages/pyre/venv/lib64/python3.13/site-packages/pyre_check/client/commands/start.py", line 311, in create_server_arguments
    source_paths = backend_arguments.get_source_path_for_server(
        configuration,
    ...<3 lines>...
        watchman_root,
    )
  File "/home/dylan/.local/share/nvim/mason/packages/pyre/venv/lib64/python3.13/site-packages/pyre_check/client/backend_arguments.py", line 418, in get_source_path_for_server
    return get_source_path(
        configuration,
    ...<4 lines>...
        watchman_root,
    )
  File "/home/dylan/.local/share/nvim/mason/packages/pyre/venv/lib64/python3.13/site-packages/pyre_check/client/backend_arguments.py", line 397, in get_source_path
    raise configuration_module.InvalidConfiguration(
    ...<2 lines>...
    )
pyre_check.client.configuration.exceptions.InvalidConfiguration: Invalid configuration: Cannot find any source files to analyze. Either `source_directories` or `targets` must be specified.
2026-01-31 14:35:13,296 [PID 21831] DEBUG Using selector: EpollSelector
2026-01-31 14:35:13,297 [PID 21831] INFO Reading Pyre server configurations...
2026-01-31 14:35:13,300 [PID 21831] ERROR Uncaught error in persistent.run
Traceback (most recent call last):
  File "/home/dylan/.local/share/nvim/mason/packages/pyre/venv/lib64/python3.13/site-packages/pyre_check/client/commands/persistent.py", line 299, in run
    return asyncio.get_event_loop().run_until_complete(
           ~~~~~~~~~~~~~~~~~~~~~~~~~~~~~~~~~~~~~~~~~~~^
        run_persistent(
        ^^^^^^^^^^^^^^^
    ...<2 lines>...
        )
        ^
    )
    ^
  File "/usr/lib64/python3.13/asyncio/base_events.py", line 725, in run_until_complete
    return future.result()
           ~~~~~~~~~~~~~^^
  File "/home/dylan/.local/share/nvim/mason/packages/pyre/venv/lib64/python3.13/site-packages/pyre_check/client/commands/persistent.py", line 224, in run_persistent
    initial_server_options = pyre_server_options.read_server_options(
        server_options_reader, remote_logging
    )
  File "/home/dylan/.local/share/nvim/mason/packages/pyre/venv/lib64/python3.13/site-packages/pyre_check/client/commands/pyre_server_options.py", line 129, in read_server_options
    return server_options_reader()
  File "/home/dylan/.local/share/nvim/mason/packages/pyre/venv/lib64/python3.13/site-packages/pyre_check/client/commands/pyre_server_options.py", line 114, in read
    return PyreServerOptions.create(
           ~~~~~~~~~~~~~~~~~~~~~~~~^
        start_command_argument=start_command_argument,
        ^^^^^^^^^^^^^^^^^^^^^^^^^^^^^^^^^^^^^^^^^^^^^^
        configuration=read_frontend_configuration(),
        ^^^^^^^^^^^^^^^^^^^^^^^^^^^^^^^^^^^^^^^^^^^^
        language_server_features=language_server_features,
        ^^^^^^^^^^^^^^^^^^^^^^^^^^^^^^^^^^^^^^^^^^^^^^^^^^
    )
    ^
  File "/home/dylan/.local/share/nvim/mason/packages/pyre/venv/lib64/python3.13/site-packages/pyre_check/client/commands/pyre_server_options.py", line 93, in create
    start_arguments = start.create_server_arguments(
        configuration,
        start_command_argument,
        False,  # kill_buck_after_build
    )
  File "/home/dylan/.local/share/nvim/mason/packages/pyre/venv/lib64/python3.13/site-packages/pyre_check/client/commands/start.py", line 311, in create_server_arguments
    source_paths = backend_arguments.get_source_path_for_server(
        configuration,
    ...<3 lines>...
        watchman_root,
    )
  File "/home/dylan/.local/share/nvim/mason/packages/pyre/venv/lib64/python3.13/site-packages/pyre_check/client/backend_arguments.py", line 418, in get_source_path_for_server
    return get_source_path(
        configuration,
    ...<4 lines>...
        watchman_root,
    )
  File "/home/dylan/.local/share/nvim/mason/packages/pyre/venv/lib64/python3.13/site-packages/pyre_check/client/backend_arguments.py", line 397, in get_source_path
    raise configuration_module.InvalidConfiguration(
    ...<2 lines>...
    )
pyre_check.client.configuration.exceptions.InvalidConfiguration: Invalid configuration: Cannot find any source files to analyze. Either `source_directories` or `targets` must be specified.
2026-01-31 14:36:32,552 [PID 21988] DEBUG Using selector: EpollSelector
2026-01-31 14:36:32,553 [PID 21988] INFO Reading Pyre server configurations...
2026-01-31 14:36:32,556 [PID 21988] ERROR Uncaught error in persistent.run
Traceback (most recent call last):
  File "/home/dylan/.local/share/nvim/mason/packages/pyre/venv/lib64/python3.13/site-packages/pyre_check/client/commands/persistent.py", line 299, in run
    return asyncio.get_event_loop().run_until_complete(
           ~~~~~~~~~~~~~~~~~~~~~~~~~~~~~~~~~~~~~~~~~~~^
        run_persistent(
        ^^^^^^^^^^^^^^^
    ...<2 lines>...
        )
        ^
    )
    ^
  File "/usr/lib64/python3.13/asyncio/base_events.py", line 725, in run_until_complete
    return future.result()
           ~~~~~~~~~~~~~^^
  File "/home/dylan/.local/share/nvim/mason/packages/pyre/venv/lib64/python3.13/site-packages/pyre_check/client/commands/persistent.py", line 224, in run_persistent
    initial_server_options = pyre_server_options.read_server_options(
        server_options_reader, remote_logging
    )
  File "/home/dylan/.local/share/nvim/mason/packages/pyre/venv/lib64/python3.13/site-packages/pyre_check/client/commands/pyre_server_options.py", line 129, in read_server_options
    return server_options_reader()
  File "/home/dylan/.local/share/nvim/mason/packages/pyre/venv/lib64/python3.13/site-packages/pyre_check/client/commands/pyre_server_options.py", line 114, in read
    return PyreServerOptions.create(
           ~~~~~~~~~~~~~~~~~~~~~~~~^
        start_command_argument=start_command_argument,
        ^^^^^^^^^^^^^^^^^^^^^^^^^^^^^^^^^^^^^^^^^^^^^^
        configuration=read_frontend_configuration(),
        ^^^^^^^^^^^^^^^^^^^^^^^^^^^^^^^^^^^^^^^^^^^^
        language_server_features=language_server_features,
        ^^^^^^^^^^^^^^^^^^^^^^^^^^^^^^^^^^^^^^^^^^^^^^^^^^
    )
    ^
  File "/home/dylan/.local/share/nvim/mason/packages/pyre/venv/lib64/python3.13/site-packages/pyre_check/client/commands/pyre_server_options.py", line 93, in create
    start_arguments = start.create_server_arguments(
        configuration,
        start_command_argument,
        False,  # kill_buck_after_build
    )
  File "/home/dylan/.local/share/nvim/mason/packages/pyre/venv/lib64/python3.13/site-packages/pyre_check/client/commands/start.py", line 311, in create_server_arguments
    source_paths = backend_arguments.get_source_path_for_server(
        configuration,
    ...<3 lines>...
        watchman_root,
    )
  File "/home/dylan/.local/share/nvim/mason/packages/pyre/venv/lib64/python3.13/site-packages/pyre_check/client/backend_arguments.py", line 418, in get_source_path_for_server
    return get_source_path(
        configuration,
    ...<4 lines>...
        watchman_root,
    )
  File "/home/dylan/.local/share/nvim/mason/packages/pyre/venv/lib64/python3.13/site-packages/pyre_check/client/backend_arguments.py", line 397, in get_source_path
    raise configuration_module.InvalidConfiguration(
    ...<2 lines>...
    )
pyre_check.client.configuration.exceptions.InvalidConfiguration: Invalid configuration: Cannot find any source files to analyze. Either `source_directories` or `targets` must be specified.
